21:48:59 **** Incremental Build of configuration Debug for project SVC_number_1 ****
make -j12 all 
arm-none-eabi-gcc "../Src/syscalls.c" -mcpu=cortex-m4 -std=gnu11 -g3 -DDEBUG -DSTM32 -DSTM32F407G_DISC1 -DSTM32F4 -DSTM32F407VGTx -c -I../Inc -O0 -ffunction-sections -fdata-sections -Wall -fstack-usage -fcyclomatic-complexity -MMD -MP -MF"Src/syscalls.d" -MT"Src/syscalls.o" --specs=nano.specs -mfpu=fpv4-sp-d16 -mfloat-abi=hard -mthumb -o "Src/syscalls.o"
arm-none-eabi-gcc -o "SVC_number_1.elf" @"objects.list"   -mcpu=cortex-m4 -T"D:\Autocad\ARM_Cortex-M\SVC_number_1\STM32F407VGTX_FLASH.ld" --specs=nosys.specs -Wl,-Map="SVC_number_1.map" -Wl,--gc-sections -static --specs=nano.specs -mfpu=fpv4-sp-d16 -mfloat-abi=hard -mthumb -Wl,--start-group -lc -lm -Wl,--end-group
Finished building target: SVC_number_1.elf
 
arm-none-eabi-size  SVC_number_1.elf 
arm-none-eabi-objdump -h -S SVC_number_1.elf  > "SVC_number_1.list"
   text	   data	    bss	    dec	    hex	filename
   4928	     92	   1900	   6920	   1b08	SVC_number_1.elf
Finished building: default.size.stdout
 
Finished building: SVC_number_1.list
 

21:49:00 Build Finished. 0 errors, 0 warnings. (took 976ms)

